ATTEMPT 1
Traceback (most recent call last):
  File "C:\Users\conna\Documents\Plonk-and-Play\acceptance\stage3\evaluate.py", line 69, in <module>
    if sys.argv[1]=='prepare':prepare()
                              ^^^^^^^^^
  File "C:\Users\conna\Documents\Plonk-and-Play\acceptance\stage3\evaluate.py", line 30, in prepare
    rel=p.relative_to(ROOT);dest=OUT/'source'/rel;dest.parent.mkdir(parents=True,exist_ok=True);shutil.copyfile(p,dest);entries[rel.as_posix()]=dig(p)
                                                                                                ^^^^^^^^^^^^^^^^^^^^^^^
  File "C:\Users\conna\.platformio\python3\Lib\shutil.py", line 258, in copyfile
    with open(dst, 'wb') as fdst:
         ^^^^^^^^^^^^^^^
OSError: [Errno 22] Invalid argument: 'C:\\Users\\conna\\Documents\\Plonk-and-Play\\acceptance\\stage3\\evidence\\source\\firmware\\include\\pp\\session_definition.h'
Exception: C:\Users\conna\Documents\Plonk-and-Play\acceptance\stage3\run.ps1:11
Line |
  11 |  if ($LASTEXITCODE -ne 0) { throw 'Evidence preparation failed.' }
     |                             ~~~~~~~~~~~~~~~~~~~~~~~~~~~~~~~~~~~~
     | Evidence preparation failed.

ATTEMPT 2
3.1 PASS
3.2 PASS
3.3 PASS
3.4 PASS
3.5 PASS
3.6 PASS
3.10 PASS
3.11 PASS
3.7 PASS
3.8 PASS
3.9 PASS
3.T PASS
warning: in the working copy of 'acceptance/stage3/evidence/acceptance-serial.txt', LF will be replaced by CRLF the next time Git touches it
warning: in the working copy of 'acceptance/stage3/evidence/production-serial.txt', LF will be replaced by CRLF the next time Git touches it
warning: in the working copy of 'acceptance/stage3/evidence/source/acceptance/stage3/evaluate.py', LF will be replaced by CRLF the next time Git touches it
warning: in the working copy of 'acceptance/stage3/evidence/source/acceptance/stage3/run.ps1', LF will be replaced by CRLF the next time Git touches it
warning: in the working copy of 'acceptance/stage3/evidence/source/acceptance/stage3/scenario.yaml', LF will be replaced by CRLF the next time Git touches it
warning: in the working copy of 'acceptance/stage3/evidence/source/firmware/.gitignore', LF will be replaced by CRLF the next time Git touches it
warning: in the working copy of 'acceptance/stage3/evidence/source/firmware/diagram.json', LF will be replaced by CRLF the next time Git touches it
warning: in the working copy of 'acceptance/stage3/evidence/source/firmware/include/pp/race_engine.h', LF will be replaced by CRLF the next time Git touches it
warning: in the working copy of 'acceptance/stage3/evidence/source/firmware/include/pp/session_definition.h', LF will be replaced by CRLF the next time Git touches it
warning: in the working copy of 'acceptance/stage3/evidence/source/firmware/include/pp/verification.h', LF will be replaced by CRLF the next time Git touches it
warning: in the working copy of 'acceptance/stage3/evidence/source/firmware/test.ps1', LF will be replaced by CRLF the next time Git touches it
warning: in the working copy of 'acceptance/stage3/evidence/source/firmware/tests/assert-logs.ps1', LF will be replaced by CRLF the next time Git touches it
warning: in the working copy of 'acceptance/stage3/evidence/source/firmware/tests/quiet.yaml', LF will be replaced by CRLF the next time Git touches it
warning: in the working copy of 'acceptance/stage3/evidence/source/firmware/tests/serial.yaml', LF will be replaced by CRLF the next time Git touches it
warning: in the working copy of 'acceptance/stage3/evidence/source/firmware/tests/stage14a_acceptance_probe.inc', LF will be replaced by CRLF the next time Git touches it
warning: in the working copy of 'acceptance/stage3/evidence/source/firmware/tests/stage3_acceptance_probe.inc', LF will be replaced by CRLF the next time Git touches it
warning: in the working copy of 'acceptance/stage3/evidence/source/firmware/tests/stage4_acceptance_probe.inc', LF will be replaced by CRLF the next time Git touches it
warning: in the working copy of 'acceptance/stage3/evidence/source/firmware/tests/stage5_acceptance_probe.inc', LF will be replaced by CRLF the next time Git touches it
warning: in the working copy of 'acceptance/stage3/evidence/source/firmware/tests/stage6_demo_probe.inc', LF will be replaced by CRLF the next time Git touches it
warning: in the working copy of 'acceptance/stage3/evidence/source/firmware/tests/stage7_demo_probe.inc', LF will be replaced by CRLF the next time Git touches it
warning: in the working copy of 'acceptance/stage3/evidence/source/firmware/tests/stage9_acceptance_probe.inc', LF will be replaced by CRLF the next time Git touches it
warning: in the working copy of 'acceptance/stage3/evidence/source/firmware/wokwi-dev.ps1', LF will be replaced by CRLF the next time Git touches it
warning: in the working copy of 'acceptance/stage3/evidence/source/firmware/wokwi.toml', LF will be replaced by CRLF the next time Git touches it
