ATTEMPT 1
Processing stage13acceptance (platform: espressif32@6.9.0; board: esp32dev; framework: arduino)
--------------------------------------------------------------------------------
Verbose mode can be enabled via `-v, --verbose` option
CONFIGURATION: https://docs.platformio.org/page/boards/espressif32/esp32dev.html
PLATFORM: Espressif 32 (6.9.0) > Espressif ESP32 Dev Module
HARDWARE: ESP32 240MHz, 320KB RAM, 4MB Flash
DEBUG: Current (cmsis-dap) External (cmsis-dap, esp-bridge, esp-prog, iot-bus-jtag, jlink, minimodule, olimex-arm-usb-ocd, olimex-arm-usb-ocd-h, olimex-arm-usb-tiny-h, olimex-jtag-tiny, tumpa)
PACKAGES: 
 - framework-arduinoespressif32 @ 3.20017.241212+sha.dcc1105b 
 - tool-esptoolpy @ 1.40501.0 (4.5.1) 
 - toolchain-xtensa-esp32 @ 8.4.0+2021r2-patch5
LDF: Library Dependency Finder -> https://bit.ly/configure-pio-ldf
LDF Modes: Finder ~ chain, Compatibility ~ soft
Found 34 compatible libraries
Scanning dependencies...
Dependency Graph
|-- Preferences @ 2.0.0
|-- WiFi @ 2.0.0
Building in release mode
Compiling .pio\build\stage13acceptance\src\main.cpp.o
Retrieving maximum program size .pio\build\stage13acceptance\firmware.elf
Checking size .pio\build\stage13acceptance\firmware.elf
Advanced Memory Usage is available via "PlatformIO Home > Project Inspect"
RAM:   [===       ]  27.3% (used 89568 bytes from 327680 bytes)
Flash: [=======   ]  66.6% (used 873493 bytes from 1310720 bytes)
========================= [SUCCESS] Took 8.13 seconds =========================

Environment        Status    Duration
-----------------  --------  ------------
stage13acceptance  SUCCESS   00:00:08.134
========================= 1 succeeded in 00:00:08.134 =========================
esptool.py v4.5.1
Wrote 0xe6dc0 bytes to file C:\Users\conna\Documents\Plonk-and-Play\firmware\.pio\build\stage13acceptance\firmware.merged.bin, ready to flash to offset 0x0
Browser-loadable firmware: C:\Users\conna\Documents\Plonk-and-Play\firmware\.pio\build\stage13acceptance\firmware.merged.bin
Stage 13 evaluator PASS: 13.1-13.25 and 13.T
{
  "append_types": true,
  "stage13_envs": true,
  "start_configuration": true,
  "committed_go_schedule": true,
  "false_start_capability": true,
  "false_start_bus_fact": true,
  "destructive_routes": true,
  "records_reconstruct_and_clear": true,
  "record_admin_bus_authority": true,
  "settlement_gate": true,
  "destructive_confirmation_gate": true,
  "normal_bus_authority": true,
  "lap_target_visible_and_persisted": true,
  "stage13_demo_defaults_three_laps": true,
  "demo_simulated_laps_excluded_from_records": true
}
Stage 13 deterministic stress PASS seed=13013 runs=200
{
  "stage1": true,
  "stage2": true,
  "stage3": true,
  "stage4": true,
  "stage5": true,
  "stage6": true,
  "stage7": true,
  "stage8": true,
  "stage9": true,
  "stage10": true,
  "stage11": true,
  "stage12": true,
  "stage12_structural": true,
  "stage12_stress": true,
  "stage13": true,
  "stage13_structural": true,
  "stage13_stress": true,
  "authorised_supersessions_only": true,
  "STAGE_13_DESIGN.md_frozen_plan_unchanged": true,
  "ACCEPTANCE_TESTS_STAGE_13.md_frozen_plan_unchanged": true
}
Stage 1-12 regression review and Stage 13 campaign review PASS
In file included from src/main.cpp:12:
include/pp/browser_interface.h: In static member function 'static bool pp::BrowserInterface::appendJson(char*, size_t, size_t&, const char*, ...)':
include/pp/browser_interface.h:302:5: warning: this 'if' clause does not guard... [-Wmisleading-indentation]
     if(!out||n>=cap)return false;va_list args;va_start(args,format);const int written=vsnprintf(out+n,cap-n,format,args);va_end(args);
     ^~
include/pp/browser_interface.h:302:34: note: ...this statement, but the latter is misleadingly indented as if it were guarded by the 'if'
     if(!out||n>=cap)return false;va_list args;va_start(args,format);const int written=vsnprintf(out+n,cap-n,format,args);va_end(args);
                                  ^~~~~~~
In file included from src/main.cpp:12:
include/pp/browser_interface.h: In static member function 'static bool pp::BrowserInterface::serializeState(const pp::NoticeboardState&, pp::Time, char*, size_t, size_t&)':
include/pp/browser_interface.h:308:5: warning: this 'if' clause does not guard... [-Wmisleading-indentation]
     if(value.entryCount>PP_MAX_ENTRIES)ok=false;const uint8_t count=value.entryCount>PP_MAX_ENTRIES?PP_MAX_ENTRIES:value.entryCount;
     ^~
include/pp/browser_interface.h:308:49: note: ...this statement, but the latter is misleadingly indented as if it were guarded by the 'if'
     if(value.entryCount>PP_MAX_ENTRIES)ok=false;const uint8_t count=value.entryCount>PP_MAX_ENTRIES?PP_MAX_ENTRIES:value.entryCount;
                                                 ^~~~~
In file included from src/main.cpp:12:
include/pp/browser_interface.h: In static member function 'static bool pp::BrowserInterface::serializeResults(const pp::RaceEngineModule::CompletedRaceResult&, char*, size_t, size_t&)':
include/pp/browser_interface.h:314:5: warning: this 'if' clause does not guard... [-Wmisleading-indentation]
     if(r.entryCount>PP_MAX_ENTRIES)ok=false;const uint8_t count=r.entryCount>PP_MAX_ENTRIES?PP_MAX_ENTRIES:r.entryCount;
     ^~
include/pp/browser_interface.h:314:45: note: ...this statement, but the latter is misleadingly indented as if it were guarded by the 'if'
     if(r.entryCount>PP_MAX_ENTRIES)ok=false;const uint8_t count=r.entryCount>PP_MAX_ENTRIES?PP_MAX_ENTRIES:r.entryCount;
                                             ^~~~~
In file included from src/main.cpp:12:
include/pp/browser_interface.h: In static member function 'static bool pp::BrowserInterface::serializeDetails(const pp::RaceEngineModule::CompletedRaceResult&, char*, size_t, size_t&)':
include/pp/browser_interface.h:320:5: warning: this 'if' clause does not guard... [-Wmisleading-indentation]
     if(r.entryCount>PP_MAX_ENTRIES)ok=false;const uint8_t count=r.entryCount>PP_MAX_ENTRIES?PP_MAX_ENTRIES:r.entryCount;
     ^~
include/pp/browser_interface.h:320:45: note: ...this statement, but the latter is misleadingly indented as if it were guarded by the 'if'
     if(r.entryCount>PP_MAX_ENTRIES)ok=false;const uint8_t count=r.entryCount>PP_MAX_ENTRIES?PP_MAX_ENTRIES:r.entryCount;
                                             ^~~~~
In file included from src/main.cpp:12:
include/pp/browser_interface.h: In member function 'void pp::BrowserInterface::startServer()':
include/pp/browser_interface.h:619:5: warning: missing initializer for member 'httpd_uri::is_websocket' [-Wmissing-field-initializers]
     };
     ^
include/pp/browser_interface.h:619:5: warning: missing initializer for member 'httpd_uri::handle_ws_control_frames' [-Wmissing-field-initializers]
include/pp/browser_interface.h:619:5: warning: missing initializer for member 'httpd_uri::supported_subprotocol' [-Wmissing-field-initializers]
include/pp/browser_interface.h:619:5: warning: missing initializer for member 'httpd_uri::is_websocket' [-Wmissing-field-initializers]
include/pp/browser_interface.h:619:5: warning: missing initializer for member 'httpd_uri::handle_ws_control_frames' [-Wmissing-field-initializers]
include/pp/browser_interface.h:619:5: warning: missing initializer for member 'httpd_uri::supported_subprotocol' [-Wmissing-field-initializers]
include/pp/browser_interface.h:619:5: warning: missing initializer for member 'httpd_uri::is_websocket' [-Wmissing-field-initializers]
include/pp/browser_interface.h:619:5: warning: missing initializer for member 'httpd_uri::handle_ws_control_frames' [-Wmissing-field-initializers]
include/pp/browser_interface.h:619:5: warning: missing initializer for member 'httpd_uri::supported_subprotocol' [-Wmissing-field-initializers]
include/pp/browser_interface.h:619:5: warning: missing initializer for member 'httpd_uri::is_websocket' [-Wmissing-field-initializers]
include/pp/browser_interface.h:619:5: warning: missing initializer for member 'httpd_uri::handle_ws_control_frames' [-Wmissing-field-initializers]
include/pp/browser_interface.h:619:5: warning: missing initializer for member 'httpd_uri::supported_subprotocol' [-Wmissing-field-initializers]
include/pp/browser_interface.h:619:5: warning: missing initializer for member 'httpd_uri::is_websocket' [-Wmissing-field-initializers]
include/pp/browser_interface.h:619:5: warning: missing initializer for member 'httpd_uri::handle_ws_control_frames' [-Wmissing-field-initializers]
include/pp/browser_interface.h:619:5: warning: missing initializer for member 'httpd_uri::supported_subprotocol' [-Wmissing-field-initializers]
include/pp/browser_interface.h:619:5: warning: missing initializer for member 'httpd_uri::is_websocket' [-Wmissing-field-initializers]
include/pp/browser_interface.h:619:5: warning: missing initializer for member 'httpd_uri::handle_ws_control_frames' [-Wmissing-field-initializers]
include/pp/browser_interface.h:619:5: warning: missing initializer for member 'httpd_uri::supported_subprotocol' [-Wmissing-field-initializers]
include/pp/browser_interface.h:619:5: warning: missing initializer for member 'httpd_uri::is_websocket' [-Wmissing-field-initializers]
include/pp/browser_interface.h:619:5: warning: missing initializer for member 'httpd_uri::handle_ws_control_frames' [-Wmissing-field-initializers]
include/pp/browser_interface.h:619:5: warning: missing initializer for member 'httpd_uri::supported_subprotocol' [-Wmissing-field-initializers]
include/pp/browser_interface.h:619:5: warning: missing initializer for member 'httpd_uri::is_websocket' [-Wmissing-field-initializers]
include/pp/browser_interface.h:619:5: warning: missing initializer for member 'httpd_uri::handle_ws_control_frames' [-Wmissing-field-initializers]
include/pp/browser_interface.h:619:5: warning: missing initializer for member 'httpd_uri::supported_subprotocol' [-Wmissing-field-initializers]
include/pp/browser_interface.h:619:5: warning: missing initializer for member 'httpd_uri::is_websocket' [-Wmissing-field-initializers]
include/pp/browser_interface.h:619:5: warning: missing initializer for member 'httpd_uri::handle_ws_control_frames' [-Wmissing-field-initializers]
include/pp/browser_interface.h:619:5: warning: missing initializer for member 'httpd_uri::supported_subprotocol' [-Wmissing-field-initializers]
include/pp/browser_interface.h:619:5: warning: missing initializer for member 'httpd_uri::is_websocket' [-Wmissing-field-initializers]
include/pp/browser_interface.h:619:5: warning: missing initializer for member 'httpd_uri::handle_ws_control_frames' [-Wmissing-field-initializers]
include/pp/browser_interface.h:619:5: warning: missing initializer for member 'httpd_uri::supported_subprotocol' [-Wmissing-field-initializers]
include/pp/browser_interface.h:619:5: warning: missing initializer for member 'httpd_uri::is_websocket' [-Wmissing-field-initializers]
include/pp/browser_interface.h:619:5: warning: missing initializer for member 'httpd_uri::handle_ws_control_frames' [-Wmissing-field-initializers]
include/pp/browser_interface.h:619:5: warning: missing initializer for member 'httpd_uri::supported_subprotocol' [-Wmissing-field-initializers]
include/pp/browser_interface.h:619:5: warning: missing initializer for member 'httpd_uri::is_websocket' [-Wmissing-field-initializers]
include/pp/browser_interface.h:619:5: warning: missing initializer for member 'httpd_uri::handle_ws_control_frames' [-Wmissing-field-initializers]
include/pp/browser_interface.h:619:5: warning: missing initializer for member 'httpd_uri::supported_subprotocol' [-Wmissing-field-initializers]
include/pp/browser_interface.h:619:5: warning: missing initializer for member 'httpd_uri::is_websocket' [-Wmissing-field-initializers]
include/pp/browser_interface.h:619:5: warning: missing initializer for member 'httpd_uri::handle_ws_control_frames' [-Wmissing-field-initializers]
include/pp/browser_interface.h:619:5: warning: missing initializer for member 'httpd_uri::supported_subprotocol' [-Wmissing-field-initializers]
include/pp/browser_interface.h:619:5: warning: missing initializer for member 'httpd_uri::is_websocket' [-Wmissing-field-initializers]
include/pp/browser_interface.h:619:5: warning: missing initializer for member 'httpd_uri::handle_ws_control_frames' [-Wmissing-field-initializers]
include/pp/browser_interface.h:619:5: warning: missing initializer for member 'httpd_uri::supported_subprotocol' [-Wmissing-field-initializers]
include/pp/browser_interface.h:619:5: warning: missing initializer for member 'httpd_uri::is_websocket' [-Wmissing-field-initializers]
include/pp/browser_interface.h:619:5: warning: missing initializer for member 'httpd_uri::handle_ws_control_frames' [-Wmissing-field-initializers]
include/pp/browser_interface.h:619:5: warning: missing initializer for member 'httpd_uri::supported_subprotocol' [-Wmissing-field-initializers]
include/pp/browser_interface.h:619:5: warning: missing initializer for member 'httpd_uri::is_websocket' [-Wmissing-field-initializers]
include/pp/browser_interface.h:619:5: warning: missing initializer for member 'httpd_uri::handle_ws_control_frames' [-Wmissing-field-initializers]
include/pp/browser_interface.h:619:5: warning: missing initializer for member 'httpd_uri::supported_subprotocol' [-Wmissing-field-initializers]
include/pp/browser_interface.h:619:5: warning: missing initializer for member 'httpd_uri::is_websocket' [-Wmissing-field-initializers]
include/pp/browser_interface.h:619:5: warning: missing initializer for member 'httpd_uri::handle_ws_control_frames' [-Wmissing-field-initializers]
include/pp/browser_interface.h:619:5: warning: missing initializer for member 'httpd_uri::supported_subprotocol' [-Wmissing-field-initializers]
include/pp/browser_interface.h:619:5: warning: missing initializer for member 'httpd_uri::is_websocket' [-Wmissing-field-initializers]
include/pp/browser_interface.h:619:5: warning: missing initializer for member 'httpd_uri::handle_ws_control_frames' [-Wmissing-field-initializers]
include/pp/browser_interface.h:619:5: warning: missing initializer for member 'httpd_uri::supported_subprotocol' [-Wmissing-field-initializers]
include/pp/browser_interface.h:619:5: warning: missing initializer for member 'httpd_uri::is_websocket' [-Wmissing-field-initializers]
include/pp/browser_interface.h:619:5: warning: missing initializer for member 'httpd_uri::handle_ws_control_frames' [-Wmissing-field-initializers]
include/pp/browser_interface.h:619:5: warning: missing initializer for member 'httpd_uri::supported_subprotocol' [-Wmissing-field-initializers]
include/pp/browser_interface.h:619:5: warning: missing initializer for member 'httpd_uri::is_websocket' [-Wmissing-field-initializers]
include/pp/browser_interface.h:619:5: warning: missing initializer for member 'httpd_uri::handle_ws_control_frames' [-Wmissing-field-initializers]
include/pp/browser_interface.h:619:5: warning: missing initializer for member 'httpd_uri::supported_subprotocol' [-Wmissing-field-initializers]
include/pp/browser_interface.h:619:5: warning: missing initializer for member 'httpd_uri::is_websocket' [-Wmissing-field-initializers]
include/pp/browser_interface.h:619:5: warning: missing initializer for member 'httpd_uri::handle_ws_control_frames' [-Wmissing-field-initializers]
include/pp/browser_interface.h:619:5: warning: missing initializer for member 'httpd_uri::supported_subprotocol' [-Wmissing-field-initializers]
include/pp/browser_interface.h:619:5: warning: missing initializer for member 'httpd_uri::is_websocket' [-Wmissing-field-initializers]
include/pp/browser_interface.h:619:5: warning: missing initializer for member 'httpd_uri::handle_ws_control_frames' [-Wmissing-field-initializers]
include/pp/browser_interface.h:619:5: warning: missing initializer for member 'httpd_uri::supported_subprotocol' [-Wmissing-field-initializers]
include/pp/browser_interface.h:619:5: warning: missing initializer for member 'httpd_uri::is_websocket' [-Wmissing-field-initializers]
include/pp/browser_interface.h:619:5: warning: missing initializer for member 'httpd_uri::handle_ws_control_frames' [-Wmissing-field-initializers]
include/pp/browser_interface.h:619:5: warning: missing initializer for member 'httpd_uri::supported_subprotocol' [-Wmissing-field-initializers]
include/pp/browser_interface.h:619:5: warning: missing initializer for member 'httpd_uri::is_websocket' [-Wmissing-field-initializers]
include/pp/browser_interface.h:619:5: warning: missing initializer for member 'httpd_uri::handle_ws_control_frames' [-Wmissing-field-initializers]
include/pp/browser_interface.h:619:5: warning: missing initializer for member 'httpd_uri::supported_subprotocol' [-Wmissing-field-initializers]
include/pp/browser_interface.h:619:5: warning: missing initializer for member 'httpd_uri::is_websocket' [-Wmissing-field-initializers]
include/pp/browser_interface.h:619:5: warning: missing initializer for member 'httpd_uri::handle_ws_control_frames' [-Wmissing-field-initializers]
include/pp/browser_interface.h:619:5: warning: missing initializer for member 'httpd_uri::supported_subprotocol' [-Wmissing-field-initializers]
include/pp/browser_interface.h:619:5: warning: missing initializer for member 'httpd_uri::is_websocket' [-Wmissing-field-initializers]
include/pp/browser_interface.h:619:5: warning: missing initializer for member 'httpd_uri::handle_ws_control_frames' [-Wmissing-field-initializers]
include/pp/browser_interface.h:619:5: warning: missing initializer for member 'httpd_uri::supported_subprotocol' [-Wmissing-field-initializers]
include/pp/browser_interface.h:619:5: warning: missing initializer for member 'httpd_uri::is_websocket' [-Wmissing-field-initializers]
include/pp/browser_interface.h:619:5: warning: missing initializer for member 'httpd_uri::handle_ws_control_frames' [-Wmissing-field-initializers]
include/pp/browser_interface.h:619:5: warning: missing initializer for member 'httpd_uri::supported_subprotocol' [-Wmissing-field-initializers]
include/pp/browser_interface.h:619:5: warning: missing initializer for member 'httpd_uri::is_websocket' [-Wmissing-field-initializers]
include/pp/browser_interface.h:619:5: warning: missing initializer for member 'httpd_uri::handle_ws_control_frames' [-Wmissing-field-initializers]
include/pp/browser_interface.h:619:5: warning: missing initializer for member 'httpd_uri::supported_subprotocol' [-Wmissing-field-initializers]
include/pp/browser_interface.h:619:5: warning: missing initializer for member 'httpd_uri::is_websocket' [-Wmissing-field-initializers]
include/pp/browser_interface.h:619:5: warning: missing initializer for member 'httpd_uri::handle_ws_control_frames' [-Wmissing-field-initializers]
include/pp/browser_interface.h:619:5: warning: missing initializer for member 'httpd_uri::supported_subprotocol' [-Wmissing-field-initializers]
include/pp/browser_interface.h:619:5: warning: missing initializer for member 'httpd_uri::is_websocket' [-Wmissing-field-initializers]
include/pp/browser_interface.h:619:5: warning: missing initializer for member 'httpd_uri::handle_ws_control_frames' [-Wmissing-field-initializers]
include/pp/browser_interface.h:619:5: warning: missing initializer for member 'httpd_uri::supported_subprotocol' [-Wmissing-field-initializers]
include/pp/browser_interface.h:619:5: warning: missing initializer for member 'httpd_uri::is_websocket' [-Wmissing-field-initializers]
include/pp/browser_interface.h:619:5: warning: missing initializer for member 'httpd_uri::handle_ws_control_frames' [-Wmissing-field-initializers]
include/pp/browser_interface.h:619:5: warning: missing initializer for member 'httpd_uri::supported_subprotocol' [-Wmissing-field-initializers]
include/pp/browser_interface.h:619:5: warning: missing initializer for member 'httpd_uri::is_websocket' [-Wmissing-field-initializers]
include/pp/browser_interface.h:619:5: warning: missing initializer for member 'httpd_uri::handle_ws_control_frames' [-Wmissing-field-initializers]
include/pp/browser_interface.h:619:5: warning: missing initializer for member 'httpd_uri::supported_subprotocol' [-Wmissing-field-initializers]
include/pp/browser_interface.h:619:5: warning: missing initializer for member 'httpd_uri::is_websocket' [-Wmissing-field-initializers]
include/pp/browser_interface.h:619:5: warning: missing initializer for member 'httpd_uri::handle_ws_control_frames' [-Wmissing-field-initializers]
include/pp/browser_interface.h:619:5: warning: missing initializer for member 'httpd_uri::supported_subprotocol' [-Wmissing-field-initializers]
include/pp/browser_interface.h:619:5: warning: missing initializer for member 'httpd_uri::is_websocket' [-Wmissing-field-initializers]
include/pp/browser_interface.h:619:5: warning: missing initializer for member 'httpd_uri::handle_ws_control_frames' [-Wmissing-field-initializers]
include/pp/browser_interface.h:619:5: warning: missing initializer for member 'httpd_uri::supported_subprotocol' [-Wmissing-field-initializers]
In file included from src/../tests/stage13_acceptance_probe.inc:1,
                 from src/main.cpp:227:
src/../tests/stage12_acceptance_probe.inc: At global scope:
src/../tests/stage12_acceptance_probe.inc:99:6: warning: 'void {anonymous}::stage12AcceptanceTick()' defined but not used [-Wunused-function]
 void stage12AcceptanceTick(){stage12Output.flush();if(ready&&!stage12Ready){stage12Ready=true;stage12Output.log("ACC READY");}}
      ^~~~~~~~~~~~~~~~~~~~~
src/../tests/stage12_acceptance_probe.inc:98:6: warning: 'void {anonymous}::stage12AcceptanceCommand(char)' defined but not used [-Wunused-function]
 void stage12AcceptanceCommand(char c){if(c=='s')stage12Run();}
      ^~~~~~~~~~~~~~~~~~~~~~~~
In file included from src/../tests/stage13_acceptance_probe.inc:1,
                 from src/main.cpp:227:
src/../tests/stage12_acceptance_probe.inc:43:6: warning: 'void {anonymous}::stage12AcceptanceBeforeBoot()' defined but not used [-Wunused-function]
 void stage12AcceptanceBeforeBoot(){diagnostics.enable(true);stage12Output.enable(true);}
      ^~~~~~~~~~~~~~~~~~~~~~~~~~~
