ATTEMPT 1
Processing stage12acceptance (platform: espressif32@6.9.0; board: esp32dev; framework: arduino)
--------------------------------------------------------------------------------
Verbose mode can be enabled via `-v, --verbose` option
CONFIGURATION: https://docs.platformio.org/page/boards/espressif32/esp32dev.html
PLATFORM: Espressif 32 (6.9.0) > Espressif ESP32 Dev Module
HARDWARE: ESP32 240MHz, 320KB RAM, 4MB Flash
DEBUG: Current (cmsis-dap) External (cmsis-dap, esp-bridge, esp-prog, iot-bus-jtag, jlink, minimodule, olimex-arm-usb-ocd, olimex-arm-usb-ocd-h, olimex-arm-usb-tiny-h, olimex-jtag-tiny, tumpa)
PACKAGES: 
 - framework-arduinoespressif32 @ 3.20017.241212+sha.dcc1105b 
 - tool-esptoolpy @ 1.40501.0 (4.5.1) 
 - toolchain-xtensa-esp32 @ 8.4.0+2021r2-patch5
LDF: Library Dependency Finder -> https://bit.ly/configure-pio-ldf
LDF Modes: Finder ~ chain, Compatibility ~ soft
Found 34 compatible libraries
Scanning dependencies...
Dependency Graph
|-- Preferences @ 2.0.0
|-- WiFi @ 2.0.0
Building in release mode
Compiling .pio\build\stage12acceptance\src\main.cpp.o
Linking .pio\build\stage12acceptance\firmware.elf
Retrieving maximum program size .pio\build\stage12acceptance\firmware.elf
Checking size .pio\build\stage12acceptance\firmware.elf
Advanced Memory Usage is available via "PlatformIO Home > Project Inspect"
RAM:   [===       ]  27.4% (used 89632 bytes from 327680 bytes)
Flash: [=======   ]  66.8% (used 874973 bytes from 1310720 bytes)
Building .pio\build\stage12acceptance\firmware.bin
esptool.py v4.5.1
Creating esp32 image...
Merged 27 ELF sections
Successfully created esp32 image.
========================= [SUCCESS] Took 8.32 seconds =========================

Environment        Status    Duration
-----------------  --------  ------------
stage12acceptance  SUCCESS   00:00:08.321
========================= 1 succeeded in 00:00:08.321 =========================
esptool.py v4.5.1
Wrote 0xe7390 bytes to file C:\Users\conna\Documents\Plonk-and-Play\firmware\.pio\build\stage12acceptance\firmware.merged.bin, ready to flash to offset 0x0
Browser-loadable firmware: C:\Users\conna\Documents\Plonk-and-Play\firmware\.pio\build\stage12acceptance\firmware.merged.bin
Stage 12 evaluator PASS: 12.1-12.22, subtests, and 12.T
{
  "types_append_18_19": true,
  "finish_publish_authority": true,
  "finish_reply_authority": true,
  "normal_bus_routes": true,
  "race_engine_owns_result": true,
  "control_does_not_rank": true,
  "browser_does_not_calculate_result": true,
  "input_does_not_interpret_finish_rules": true,
  "browser_not_bus_participant": true,
  "details_use_retained_laps": true,
  "race_again_authority": true,
  "human_result_fallbacks": true,
  "home_has_no_server_route": true
}
Stage 12 structural review PASS
Stage 12 deterministic stress PASS seed=12012 runs=200
In file included from src/main.cpp:8:
include/pp/race_engine.h: In member function 'void pp::RaceEngineModule::interpret(const pp::Message&)':
include/pp/race_engine.h:85:5: warning: this 'if' clause does not guard... [-Wmisleading-indentation]
     if(finishReady_&&m.relevantTime>candidateF_)return;if(restartScheduled_&&m.relevantTime<restartAt_)return;
     ^~
include/pp/race_engine.h:85:56: note: ...this statement, but the latter is misleadingly indented as if it were guarded by the 'if'
     if(finishReady_&&m.relevantTime>candidateF_)return;if(restartScheduled_&&m.relevantTime<restartAt_)return;
                                                        ^~
In file included from src/main.cpp:8:
include/pp/race_engine.h:90:5: warning: this 'if' clause does not guard... [-Wmisleading-indentation]
     if(m.relevantTime<s.lastCrossing||(paused_&&m.relevantTime>=pauseAt_))return;const Time lapStart=s.lastCrossing;Time lap=m.relevantTime-lapStart;if(restartScheduled_&&!gridRestart_&&m.relevantTime>=restartAt_&&s.lastCrossing<pauseAt_){const Time stopped=restartAt_-pauseAt_;lap=lap>stopped?lap-stopped:0;}s.lastCrossing=m.relevantTime;s.lastLapTime=lap;s.hasLap=true;++s.laps;storeLap(s,lap,m.relevantTime);if(recordEligible_&&records_)records_->observe(def.lane,lap);publishLap(def,s,lap,m);applyFinish(i,m.relevantTime);
     ^~
include/pp/race_engine.h:90:82: note: ...this statement, but the latter is misleadingly indented as if it were guarded by the 'if'
     if(m.relevantTime<s.lastCrossing||(paused_&&m.relevantTime>=pauseAt_))return;const Time lapStart=s.lastCrossing;Time lap=m.relevantTime-lapStart;if(restartScheduled_&&!gridRestart_&&m.relevantTime>=restartAt_&&s.lastCrossing<pauseAt_){const Time stopped=restartAt_-pauseAt_;lap=lap>stopped?lap-stopped:0;}s.lastCrossing=m.relevantTime;s.lastLapTime=lap;s.hasLap=true;++s.laps;storeLap(s,lap,m.relevantTime);if(recordEligible_&&records_)records_->observe(def.lane,lap);publishLap(def,s,lap,m);applyFinish(i,m.relevantTime);
                                                                                  ^~~~~
In file included from src/main.cpp:8:
include/pp/race_engine.h: In member function 'void pp::RaceEngineModule::interpretEndurance(const pp::Message&, const pp::RaceEntryDefinition&, pp::RaceEngineModule::EntryState&)':
include/pp/race_engine.h:93:5: warning: this 'if' clause does not guard... [-Wmisleading-indentation]
     if(paused_&&m.relevantTime>=pauseAt_)return;if(m.relevantTime<s.lastCrossing)return;
     ^~
include/pp/race_engine.h:93:49: note: ...this statement, but the latter is misleadingly indented as if it were guarded by the 'if'
     if(paused_&&m.relevantTime>=pauseAt_)return;if(m.relevantTime<s.lastCrossing)return;
                                                 ^~
In file included from src/main.cpp:8:
include/pp/race_engine.h:96:5: warning: this 'if' clause does not guard... [-Wmisleading-indentation]
     if(enduranceExpired_&&!at)return;if(after&&finishBehaviour_!=LapFinishBehaviour::CompleteCurrentLap)return;
     ^~
include/pp/race_engine.h:96:38: note: ...this statement, but the latter is misleadingly indented as if it were guarded by the 'if'
     if(enduranceExpired_&&!at)return;if(after&&finishBehaviour_!=LapFinishBehaviour::CompleteCurrentLap)return;
                                      ^~
In file included from src/main.cpp:8:
include/pp/race_engine.h: In member function 'void pp::RaceEngineModule::completeAfterSettlement()':
include/pp/race_engine.h:115:5: warning: this 'if' clause does not guard... [-Wmisleading-indentation]
     if(!result_.sealed)seal();Message m{};m.type=Type::CompetitionComplete;m.relevantTime=result_.finishTime;m.raceEntryId=winner_;m.probe=deadHeat_?1:0;if(bus_.publish(endpoint_,m)==Delivery::Delivered){completionPublished_=true;complete_=true;}
     ^~
include/pp/race_engine.h:115:31: note: ...this statement, but the latter is misleadingly indented as if it were guarded by the 'if'
     if(!result_.sealed)seal();Message m{};m.type=Type::CompetitionComplete;m.relevantTime=result_.finishTime;m.raceEntryId=winner_;m.probe=deadHeat_?1:0;if(bus_.publish(endpoint_,m)==Delivery::Delivered){completionPublished_=true;complete_=true;}
                               ^~~~~~~
In file included from src/main.cpp:12:
include/pp/browser_interface.h: In static member function 'static bool pp::BrowserInterface::appendJson(char*, size_t, size_t&, const char*, ...)':
include/pp/browser_interface.h:304:5: warning: this 'if' clause does not guard... [-Wmisleading-indentation]
     if(!out||n>=cap)return false;va_list args;va_start(args,format);const int written=vsnprintf(out+n,cap-n,format,args);va_end(args);
     ^~
include/pp/browser_interface.h:304:34: note: ...this statement, but the latter is misleadingly indented as if it were guarded by the 'if'
     if(!out||n>=cap)return false;va_list args;va_start(args,format);const int written=vsnprintf(out+n,cap-n,format,args);va_end(args);
                                  ^~~~~~~
In file included from src/main.cpp:12:
include/pp/browser_interface.h: In static member function 'static bool pp::BrowserInterface::serializeState(const pp::NoticeboardState&, pp::Time, char*, size_t, size_t&)':
include/pp/browser_interface.h:310:5: warning: this 'if' clause does not guard... [-Wmisleading-indentation]
     if(value.entryCount>PP_MAX_ENTRIES)ok=false;const uint8_t count=value.entryCount>PP_MAX_ENTRIES?PP_MAX_ENTRIES:value.entryCount;
     ^~
include/pp/browser_interface.h:310:49: note: ...this statement, but the latter is misleadingly indented as if it were guarded by the 'if'
     if(value.entryCount>PP_MAX_ENTRIES)ok=false;const uint8_t count=value.entryCount>PP_MAX_ENTRIES?PP_MAX_ENTRIES:value.entryCount;
                                                 ^~~~~
In file included from src/main.cpp:12:
include/pp/browser_interface.h: In static member function 'static bool pp::BrowserInterface::serializeResults(const pp::RaceEngineModule::CompletedRaceResult&, char*, size_t, size_t&)':
include/pp/browser_interface.h:316:5: warning: this 'if' clause does not guard... [-Wmisleading-indentation]
     if(r.entryCount>PP_MAX_ENTRIES)ok=false;const uint8_t count=r.entryCount>PP_MAX_ENTRIES?PP_MAX_ENTRIES:r.entryCount;
     ^~
include/pp/browser_interface.h:316:45: note: ...this statement, but the latter is misleadingly indented as if it were guarded by the 'if'
     if(r.entryCount>PP_MAX_ENTRIES)ok=false;const uint8_t count=r.entryCount>PP_MAX_ENTRIES?PP_MAX_ENTRIES:r.entryCount;
                                             ^~~~~
In file included from src/main.cpp:12:
include/pp/browser_interface.h: In static member function 'static bool pp::BrowserInterface::serializeDetails(const pp::RaceEngineModule::CompletedRaceResult&, char*, size_t, size_t&)':
include/pp/browser_interface.h:322:5: warning: this 'if' clause does not guard... [-Wmisleading-indentation]
     if(r.entryCount>PP_MAX_ENTRIES)ok=false;const uint8_t count=r.entryCount>PP_MAX_ENTRIES?PP_MAX_ENTRIES:r.entryCount;
     ^~
include/pp/browser_interface.h:322:45: note: ...this statement, but the latter is misleadingly indented as if it were guarded by the 'if'
     if(r.entryCount>PP_MAX_ENTRIES)ok=false;const uint8_t count=r.entryCount>PP_MAX_ENTRIES?PP_MAX_ENTRIES:r.entryCount;
                                             ^~~~~
In file included from src/main.cpp:12:
include/pp/browser_interface.h: In static member function 'static esp_err_t pp::BrowserInterface::historyRoute(httpd_req_t*)':
include/pp/browser_interface.h:356:5: warning: this 'if' clause does not guard... [-Wmisleading-indentation]
     if(n<0||size_t(n)>=HistoryJsonCapacity)n=HistoryJsonCapacity-1;snprintf(json+n,HistoryJsonCapacity-size_t(n),"]}");
     ^~
include/pp/browser_interface.h:356:68: note: ...this statement, but the latter is misleadingly indented as if it were guarded by the 'if'
     if(n<0||size_t(n)>=HistoryJsonCapacity)n=HistoryJsonCapacity-1;snprintf(json+n,HistoryJsonCapacity-size_t(n),"]}");
                                                                    ^~~~~~~~
In file included from src/main.cpp:12:
include/pp/browser_interface.h: In member function 'void pp::BrowserInterface::startServer()':
include/pp/browser_interface.h:631:5: warning: missing initializer for member 'httpd_uri::is_websocket' [-Wmissing-field-initializers]
     };
     ^
include/pp/browser_interface.h:631:5: warning: missing initializer for member 'httpd_uri::handle_ws_control_frames' [-Wmissing-field-initializers]
include/pp/browser_interface.h:631:5: warning: missing initializer for member 'httpd_uri::supported_subprotocol' [-Wmissing-field-initializers]
include/pp/browser_interface.h:631:5: warning: missing initializer for member 'httpd_uri::is_websocket' [-Wmissing-field-initializers]
include/pp/browser_interface.h:631:5: warning: missing initializer for member 'httpd_uri::handle_ws_control_frames' [-Wmissing-field-initializers]
include/pp/browser_interface.h:631:5: warning: missing initializer for member 'httpd_uri::supported_subprotocol' [-Wmissing-field-initializers]
include/pp/browser_interface.h:631:5: warning: missing initializer for member 'httpd_uri::is_websocket' [-Wmissing-field-initializers]
include/pp/browser_interface.h:631:5: warning: missing initializer for member 'httpd_uri::handle_ws_control_frames' [-Wmissing-field-initializers]
include/pp/browser_interface.h:631:5: warning: missing initializer for member 'httpd_uri::supported_subprotocol' [-Wmissing-field-initializers]
include/pp/browser_interface.h:631:5: warning: missing initializer for member 'httpd_uri::is_websocket' [-Wmissing-field-initializers]
include/pp/browser_interface.h:631:5: warning: missing initializer for member 'httpd_uri::handle_ws_control_frames' [-Wmissing-field-initializers]
include/pp/browser_interface.h:631:5: warning: missing initializer for member 'httpd_uri::supported_subprotocol' [-Wmissing-field-initializers]
include/pp/browser_interface.h:631:5: warning: missing initializer for member 'httpd_uri::is_websocket' [-Wmissing-field-initializers]
include/pp/browser_interface.h:631:5: warning: missing initializer for member 'httpd_uri::handle_ws_control_frames' [-Wmissing-field-initializers]
include/pp/browser_interface.h:631:5: warning: missing initializer for member 'httpd_uri::supported_subprotocol' [-Wmissing-field-initializers]
include/pp/browser_interface.h:631:5: warning: missing initializer for member 'httpd_uri::is_websocket' [-Wmissing-field-initializers]
include/pp/browser_interface.h:631:5: warning: missing initializer for member 'httpd_uri::handle_ws_control_frames' [-Wmissing-field-initializers]
include/pp/browser_interface.h:631:5: warning: missing initializer for member 'httpd_uri::supported_subprotocol' [-Wmissing-field-initializers]
include/pp/browser_interface.h:631:5: warning: missing initializer for member 'httpd_uri::is_websocket' [-Wmissing-field-initializers]
include/pp/browser_interface.h:631:5: warning: missing initializer for member 'httpd_uri::handle_ws_control_frames' [-Wmissing-field-initializers]
include/pp/browser_interface.h:631:5: warning: missing initializer for member 'httpd_uri::supported_subprotocol' [-Wmissing-field-initializers]
include/pp/browser_interface.h:631:5: warning: missing initializer for member 'httpd_uri::is_websocket' [-Wmissing-field-initializers]
include/pp/browser_interface.h:631:5: warning: missing initializer for member 'httpd_uri::handle_ws_control_frames' [-Wmissing-field-initializers]
include/pp/browser_interface.h:631:5: warning: missing initializer for member 'httpd_uri::supported_subprotocol' [-Wmissing-field-initializers]
include/pp/browser_interface.h:631:5: warning: missing initializer for member 'httpd_uri::is_websocket' [-Wmissing-field-initializers]
include/pp/browser_interface.h:631:5: warning: missing initializer for member 'httpd_uri::handle_ws_control_frames' [-Wmissing-field-initializers]
include/pp/browser_interface.h:631:5: warning: missing initializer for member 'httpd_uri::supported_subprotocol' [-Wmissing-field-initializers]
include/pp/browser_interface.h:631:5: warning: missing initializer for member 'httpd_uri::is_websocket' [-Wmissing-field-initializers]
include/pp/browser_interface.h:631:5: warning: missing initializer for member 'httpd_uri::handle_ws_control_frames' [-Wmissing-field-initializers]
include/pp/browser_interface.h:631:5: warning: missing initializer for member 'httpd_uri::supported_subprotocol' [-Wmissing-field-initializers]
include/pp/browser_interface.h:631:5: warning: missing initializer for member 'httpd_uri::is_websocket' [-Wmissing-field-initializers]
include/pp/browser_interface.h:631:5: warning: missing initializer for member 'httpd_uri::handle_ws_control_frames' [-Wmissing-field-initializers]
include/pp/browser_interface.h:631:5: warning: missing initializer for member 'httpd_uri::supported_subprotocol' [-Wmissing-field-initializers]
include/pp/browser_interface.h:631:5: warning: missing initializer for member 'httpd_uri::is_websocket' [-Wmissing-field-initializers]
include/pp/browser_interface.h:631:5: warning: missing initializer for member 'httpd_uri::handle_ws_control_frames' [-Wmissing-field-initializers]
include/pp/browser_interface.h:631:5: warning: missing initializer for member 'httpd_uri::supported_subprotocol' [-Wmissing-field-initializers]
include/pp/browser_interface.h:631:5: warning: missing initializer for member 'httpd_uri::is_websocket' [-Wmissing-field-initializers]
include/pp/browser_interface.h:631:5: warning: missing initializer for member 'httpd_uri::handle_ws_control_frames' [-Wmissing-field-initializers]
include/pp/browser_interface.h:631:5: warning: missing initializer for member 'httpd_uri::supported_subprotocol' [-Wmissing-field-initializers]
include/pp/browser_interface.h:631:5: warning: missing initializer for member 'httpd_uri::is_websocket' [-Wmissing-field-initializers]
include/pp/browser_interface.h:631:5: warning: missing initializer for member 'httpd_uri::handle_ws_control_frames' [-Wmissing-field-initializers]
include/pp/browser_interface.h:631:5: warning: missing initializer for member 'httpd_uri::supported_subprotocol' [-Wmissing-field-initializers]
include/pp/browser_interface.h:631:5: warning: missing initializer for member 'httpd_uri::is_websocket' [-Wmissing-field-initializers]
include/pp/browser_interface.h:631:5: warning: missing initializer for member 'httpd_uri::handle_ws_control_frames' [-Wmissing-field-initializers]
include/pp/browser_interface.h:631:5: warning: missing initializer for member 'httpd_uri::supported_subprotocol' [-Wmissing-field-initializers]
include/pp/browser_interface.h:631:5: warning: missing initializer for member 'httpd_uri::is_websocket' [-Wmissing-field-initializers]
include/pp/browser_interface.h:631:5: warning: missing initializer for member 'httpd_uri::handle_ws_control_frames' [-Wmissing-field-initializers]
include/pp/browser_interface.h:631:5: warning: missing initializer for member 'httpd_uri::supported_subprotocol' [-Wmissing-field-initializers]
include/pp/browser_interface.h:631:5: warning: missing initializer for member 'httpd_uri::is_websocket' [-Wmissing-field-initializers]
include/pp/browser_interface.h:631:5: warning: missing initializer for member 'httpd_uri::handle_ws_control_frames' [-Wmissing-field-initializers]
include/pp/browser_interface.h:631:5: warning: missing initializer for member 'httpd_uri::supported_subprotocol' [-Wmissing-field-initializers]
include/pp/browser_interface.h:631:5: warning: missing initializer for member 'httpd_uri::is_websocket' [-Wmissing-field-initializers]
include/pp/browser_interface.h:631:5: warning: missing initializer for member 'httpd_uri::handle_ws_control_frames' [-Wmissing-field-initializers]
include/pp/browser_interface.h:631:5: warning: missing initializer for member 'httpd_uri::supported_subprotocol' [-Wmissing-field-initializers]
include/pp/browser_interface.h:631:5: warning: missing initializer for member 'httpd_uri::is_websocket' [-Wmissing-field-initializers]
include/pp/browser_interface.h:631:5: warning: missing initializer for member 'httpd_uri::handle_ws_control_frames' [-Wmissing-field-initializers]
include/pp/browser_interface.h:631:5: warning: missing initializer for member 'httpd_uri::supported_subprotocol' [-Wmissing-field-initializers]
include/pp/browser_interface.h:631:5: warning: missing initializer for member 'httpd_uri::is_websocket' [-Wmissing-field-initializers]
include/pp/browser_interface.h:631:5: warning: missing initializer for member 'httpd_uri::handle_ws_control_frames' [-Wmissing-field-initializers]
include/pp/browser_interface.h:631:5: warning: missing initializer for member 'httpd_uri::supported_subprotocol' [-Wmissing-field-initializers]
include/pp/browser_interface.h:631:5: warning: missing initializer for member 'httpd_uri::is_websocket' [-Wmissing-field-initializers]
include/pp/browser_interface.h:631:5: warning: missing initializer for member 'httpd_uri::handle_ws_control_frames' [-Wmissing-field-initializers]
include/pp/browser_interface.h:631:5: warning: missing initializer for member 'httpd_uri::supported_subprotocol' [-Wmissing-field-initializers]
include/pp/browser_interface.h:631:5: warning: missing initializer for member 'httpd_uri::is_websocket' [-Wmissing-field-initializers]
include/pp/browser_interface.h:631:5: warning: missing initializer for member 'httpd_uri::handle_ws_control_frames' [-Wmissing-field-initializers]
include/pp/browser_interface.h:631:5: warning: missing initializer for member 'httpd_uri::supported_subprotocol' [-Wmissing-field-initializers]
include/pp/browser_interface.h:631:5: warning: missing initializer for member 'httpd_uri::is_websocket' [-Wmissing-field-initializers]
include/pp/browser_interface.h:631:5: warning: missing initializer for member 'httpd_uri::handle_ws_control_frames' [-Wmissing-field-initializers]
include/pp/browser_interface.h:631:5: warning: missing initializer for member 'httpd_uri::supported_subprotocol' [-Wmissing-field-initializers]
include/pp/browser_interface.h:631:5: warning: missing initializer for member 'httpd_uri::is_websocket' [-Wmissing-field-initializers]
include/pp/browser_interface.h:631:5: warning: missing initializer for member 'httpd_uri::handle_ws_control_frames' [-Wmissing-field-initializers]
include/pp/browser_interface.h:631:5: warning: missing initializer for member 'httpd_uri::supported_subprotocol' [-Wmissing-field-initializers]
include/pp/browser_interface.h:631:5: warning: missing initializer for member 'httpd_uri::is_websocket' [-Wmissing-field-initializers]
include/pp/browser_interface.h:631:5: warning: missing initializer for member 'httpd_uri::handle_ws_control_frames' [-Wmissing-field-initializers]
include/pp/browser_interface.h:631:5: warning: missing initializer for member 'httpd_uri::supported_subprotocol' [-Wmissing-field-initializers]
include/pp/browser_interface.h:631:5: warning: missing initializer for member 'httpd_uri::is_websocket' [-Wmissing-field-initializers]
include/pp/browser_interface.h:631:5: warning: missing initializer for member 'httpd_uri::handle_ws_control_frames' [-Wmissing-field-initializers]
include/pp/browser_interface.h:631:5: warning: missing initializer for member 'httpd_uri::supported_subprotocol' [-Wmissing-field-initializers]
include/pp/browser_interface.h:631:5: warning: missing initializer for member 'httpd_uri::is_websocket' [-Wmissing-field-initializers]
include/pp/browser_interface.h:631:5: warning: missing initializer for member 'httpd_uri::handle_ws_control_frames' [-Wmissing-field-initializers]
include/pp/browser_interface.h:631:5: warning: missing initializer for member 'httpd_uri::supported_subprotocol' [-Wmissing-field-initializers]
include/pp/browser_interface.h:631:5: warning: missing initializer for member 'httpd_uri::is_websocket' [-Wmissing-field-initializers]
include/pp/browser_interface.h:631:5: warning: missing initializer for member 'httpd_uri::handle_ws_control_frames' [-Wmissing-field-initializers]
include/pp/browser_interface.h:631:5: warning: missing initializer for member 'httpd_uri::supported_subprotocol' [-Wmissing-field-initializers]
include/pp/browser_interface.h:631:5: warning: missing initializer for member 'httpd_uri::is_websocket' [-Wmissing-field-initializers]
include/pp/browser_interface.h:631:5: warning: missing initializer for member 'httpd_uri::handle_ws_control_frames' [-Wmissing-field-initializers]
include/pp/browser_interface.h:631:5: warning: missing initializer for member 'httpd_uri::supported_subprotocol' [-Wmissing-field-initializers]
include/pp/browser_interface.h:631:5: warning: missing initializer for member 'httpd_uri::is_websocket' [-Wmissing-field-initializers]
include/pp/browser_interface.h:631:5: warning: missing initializer for member 'httpd_uri::handle_ws_control_frames' [-Wmissing-field-initializers]
include/pp/browser_interface.h:631:5: warning: missing initializer for member 'httpd_uri::supported_subprotocol' [-Wmissing-field-initializers]
include/pp/browser_interface.h:631:5: warning: missing initializer for member 'httpd_uri::is_websocket' [-Wmissing-field-initializers]
include/pp/browser_interface.h:631:5: warning: missing initializer for member 'httpd_uri::handle_ws_control_frames' [-Wmissing-field-initializers]
include/pp/browser_interface.h:631:5: warning: missing initializer for member 'httpd_uri::supported_subprotocol' [-Wmissing-field-initializers]
include/pp/browser_interface.h:631:5: warning: missing initializer for member 'httpd_uri::is_websocket' [-Wmissing-field-initializers]
include/pp/browser_interface.h:631:5: warning: missing initializer for member 'httpd_uri::handle_ws_control_frames' [-Wmissing-field-initializers]
include/pp/browser_interface.h:631:5: warning: missing initializer for member 'httpd_uri::supported_subprotocol' [-Wmissing-field-initializers]
include/pp/browser_interface.h:631:5: warning: missing initializer for member 'httpd_uri::is_websocket' [-Wmissing-field-initializers]
include/pp/browser_interface.h:631:5: warning: missing initializer for member 'httpd_uri::handle_ws_control_frames' [-Wmissing-field-initializers]
include/pp/browser_interface.h:631:5: warning: missing initializer for member 'httpd_uri::supported_subprotocol' [-Wmissing-field-initializers]
include/pp/browser_interface.h:631:5: warning: missing initializer for member 'httpd_uri::is_websocket' [-Wmissing-field-initializers]
include/pp/browser_interface.h:631:5: warning: missing initializer for member 'httpd_uri::handle_ws_control_frames' [-Wmissing-field-initializers]
include/pp/browser_interface.h:631:5: warning: missing initializer for member 'httpd_uri::supported_subprotocol' [-Wmissing-field-initializers]
