9.1 PASS
9.2 PASS
9.3 PASS
9.4 PASS
9.5 PASS
9.6 PASS
9.7 PASS
9.8 PASS
9.9 PASS
9.10 PASS
9.11 PASS
9.12 PASS
9.13 PASS
9.14 PASS
9.15 PASS
9.16 PASS
9.17 PASS
9.18 PASS
9.19 PASS
9.20 PASS
9.T PASS

PASS Input Module owns bounded protected backlog
PASS Input Module publishes standard INPUT_EVENT
PASS No direct Input Module to Race Engine call
PASS Race Engine owns per-entry state
PASS Relevant Time ordering is explicit
PASS Fault remains a Bus message with authority
PASS Fault priority is bounded Bus queue policy
PASS Race Control owns fault consequence
PASS Session Definition holds indexed roles and entries
