ATTEMPT 1
Race Control consumes and decides START_REQUEST PASS
Race Engine does not consume START_REQUEST or commit sessions PASS
Noticeboard does not decide START_REQUEST PASS
Race Control owns session commit and existing start procedure PASS
Session Definition is fixed data, not a Bus participant PASS
Browser Interface is the Bus participant PASS
Browser has no direct Race Control or Race Engine control route PASS
Bus authority restricts START_REQUEST and REQUEST_RESULT PASS
Presentation loss policy remains message-contract-specific PASS
Browser State is derived from Noticeboard cache PASS
8.1 PASS
8.2 PASS
8.3 PASS
8.4 PASS
8.5 PASS
8.6 PASS
8.7 PASS
8.8 PASS
8.9 PASS
8.10 PASS
8.11 PASS
8.12 PASS
8.13 PASS
8.14 PASS
8.15 PASS
8.16 PASS
8.17 PASS
8.T PASS
