10.1 PASS
10.2 PASS
10.3 PASS
10.4 PASS
10.5 PASS
10.6 PASS
10.7 PASS
10.8 PASS
10.9 PASS
10.10 PASS
10.11 PASS
10.12 PASS
10.13 PASS
10.14 PASS
10.15 PASS
10.16 PASS
10.17 PASS
10.T PASS

Browser Interface is the sole Browser-side Bus participant PASS
Cookie identity contains no role or authority claim PASS
Retained Master binding is Browser Interface state only PASS
Race Control has no Browser identity/token/cookie dependency PASS
Race Engine and Noticeboard have no Browser authority ownership PASS
Session Definition contains no Browser identity PASS
START authority remains Message Bus restricted PASS
Request Results remain Race Control to Presentation only PASS
Browser state is current Noticeboard state, not replay PASS
Presentation loss cannot block Input/Race Engine PASS
No private Browser-to-Race-Control control route PASS
